......................                                                   [100%]
22 passed in 1.87s
